// Vitest Snapshot v1, https://vitest.dev/guide/snapshot.html

exports[`Test ==>  Dashboard page > renders correctly 1`] = `
<div>
  <div
    class="Toastify"
  />
  <div
    class="flex justify-center items-center h-screen"
  >
    <div
      class="animate-spin rounded-full h-32 w-32 border-t-4 border-b-4 border-blue-500"
    />
  </div>
</div>
`;

exports[`Test ==>  Salaries page > renders correctly 1`] = `
<div>
  <div
    class="Toastify"
  />
  <div
    class="flex justify-center items-center h-screen"
  >
    <div
      class="animate-spin rounded-full h-32 w-32 border-t-4 border-b-4 border-blue-500"
    />
  </div>
</div>
`;
